# 0 "main.c"
# 0 "<built-in>"
# 0 "<command-line>"
# 0 "<command-line>" 2
# 1 "main.c"
#include <stdio.h>
# 1 "main.c"
# 2 "main.c" 2
# 2 "main.c"
# 1 "calc.h" 1



# 3 "calc.h"
static inline int inc(int a) {
    return a + 1;
}
# 3 "main.c" 2

int main() {
    int a = 1;
    int b = inc(1);
    printf("a + b = %d\n", (a + b));
}
